Executing: javac -d target/classes -cp "target/classes;target/test-classes;src/test/resources;C:\Users\DELL\.m2\repository\org\junit\jupiter\junit-jupiter-api\5.10.2\junit-jupiter-api-5.10.2.jar;C:\Users\DELL\.m2\repository\org\junit\jupiter\junit-jupiter-engine\5.10.2\junit-jupiter-engine-5.10.2.jar;C:\Users\DELL\.m2\repository\org\junit\platform\junit-platform-commons\1.10.2\junit-platform-commons-1.10.2.jar;C:\Users\DELL\.m2\repository\org\junit\platform\junit-platform-engine\1.10.2\junit-platform-engine-1.10.2.jar;C:\Users\DELL\.m2\repository\org\opentest4j\opentest4j\1.3.0\opentest4j-1.3.0.jar;C:\Users\DELL\.m2\repository\org\apiguardian\apiguardian-api\1.1.2\apiguardian-api-1.1.2.jar;C:\Users\DELL\.m2\repository\org\assertj\assertj-core\3.26.0\assertj-core-3.26.0.jar;C:\Users\DELL\.m2\repository\org\mockito\mockito-core\5.12.0\mockito-core-5.12.0.jar;C:\Users\DELL\.m2\repository\net\bytebuddy\byte-buddy\1.14.15\byte-buddy-1.14.15.jar;C:\Users\DELL\.m2\repository\net\bytebuddy\byte-buddy-agent\1.14.15\byte-buddy-agent-1.14.15.jar;C:\Users\DELL\.m2\repository\org\objenesis\objenesis\3.3\objenesis-3.3.jar;C:\Users\DELL\.m2\repository\org\slf4j\slf4j-api\2.0.13\slf4j-api-2.0.13.jar;C:\Users\DELL\.m2\repository\ch\qos\logback\logback-classic\1.5.6\logback-classic-1.5.6.jar;C:\Users\DELL\.m2\repository\ch\qos\logback\logback-core\1.5.6\logback-core-1.5.6.jar;C:\Users\DELL\.m2\repository\com\zaxxer\HikariCP\5.1.0\HikariCP-5.1.0.jar;C:\Users\DELL\.m2\repository\org\mariadb\jdbc\mariadb-java-client\3.3.3\mariadb-java-client-3.3.3.jar;C:\Users\DELL\.m2\repository\org\flywaydb\flyway-core\10.12.0\flyway-core-10.12.0.jar;C:\Users\DELL\.m2\repository\org\apache\commons\commons-csv\1.11.0\commons-csv-1.11.0.jar;C:\Users\DELL\.m2\repository\org\apache\pdfbox\pdfbox\2.0.32\pdfbox-2.0.32.jar;C:\Users\DELL\.m2\repository\org\apache\pdfbox\fontbox\2.0.32\fontbox-2.0.32.jar;C:\Users\DELL\.m2\repository\commons-logging\commons-logging\1.2\commons-logging-1.2.jar;C:\Users\DELL\.m2\repository\com\formdev\flatlaf\3.5\flatlaf-3.5.jar" @main_files.txt
Note: Some input files use or override a deprecated API.
Note: Recompile with -Xlint:deprecation for details.
Note: Some input files use unchecked or unsafe operations.
Note: Recompile with -Xlint:unchecked for details.
Executing: javac -d target/test-classes -cp "target/classes;target/test-classes;src/test/resources;C:\Users\DELL\.m2\repository\org\junit\jupiter\junit-jupiter-api\5.10.2\junit-jupiter-api-5.10.2.jar;C:\Users\DELL\.m2\repository\org\junit\jupiter\junit-jupiter-engine\5.10.2\junit-jupiter-engine-5.10.2.jar;C:\Users\DELL\.m2\repository\org\junit\platform\junit-platform-commons\1.10.2\junit-platform-commons-1.10.2.jar;C:\Users\DELL\.m2\repository\org\junit\platform\junit-platform-engine\1.10.2\junit-platform-engine-1.10.2.jar;C:\Users\DELL\.m2\repository\org\opentest4j\opentest4j\1.3.0\opentest4j-1.3.0.jar;C:\Users\DELL\.m2\repository\org\apiguardian\apiguardian-api\1.1.2\apiguardian-api-1.1.2.jar;C:\Users\DELL\.m2\repository\org\assertj\assertj-core\3.26.0\assertj-core-3.26.0.jar;C:\Users\DELL\.m2\repository\org\mockito\mockito-core\5.12.0\mockito-core-5.12.0.jar;C:\Users\DELL\.m2\repository\net\bytebuddy\byte-buddy\1.14.15\byte-buddy-1.14.15.jar;C:\Users\DELL\.m2\repository\net\bytebuddy\byte-buddy-agent\1.14.15\byte-buddy-agent-1.14.15.jar;C:\Users\DELL\.m2\repository\org\objenesis\objenesis\3.3\objenesis-3.3.jar;C:\Users\DELL\.m2\repository\org\slf4j\slf4j-api\2.0.13\slf4j-api-2.0.13.jar;C:\Users\DELL\.m2\repository\ch\qos\logback\logback-classic\1.5.6\logback-classic-1.5.6.jar;C:\Users\DELL\.m2\repository\ch\qos\logback\logback-core\1.5.6\logback-core-1.5.6.jar;C:\Users\DELL\.m2\repository\com\zaxxer\HikariCP\5.1.0\HikariCP-5.1.0.jar;C:\Users\DELL\.m2\repository\org\mariadb\jdbc\mariadb-java-client\3.3.3\mariadb-java-client-3.3.3.jar;C:\Users\DELL\.m2\repository\org\flywaydb\flyway-core\10.12.0\flyway-core-10.12.0.jar;C:\Users\DELL\.m2\repository\org\apache\commons\commons-csv\1.11.0\commons-csv-1.11.0.jar;C:\Users\DELL\.m2\repository\org\apache\pdfbox\pdfbox\2.0.32\pdfbox-2.0.32.jar;C:\Users\DELL\.m2\repository\org\apache\pdfbox\fontbox\2.0.32\fontbox-2.0.32.jar;C:\Users\DELL\.m2\repository\commons-logging\commons-logging\1.2\commons-logging-1.2.jar;C:\Users\DELL\.m2\repository\com\formdev\flatlaf\3.5\flatlaf-3.5.jar" @test_files.txt
Executing: java -cp "target/classes;target/test-classes;src/test/resources;C:\Users\DELL\.m2\repository\org\junit\jupiter\junit-jupiter-api\5.10.2\junit-jupiter-api-5.10.2.jar;C:\Users\DELL\.m2\repository\org\junit\jupiter\junit-jupiter-engine\5.10.2\junit-jupiter-engine-5.10.2.jar;C:\Users\DELL\.m2\repository\org\junit\platform\junit-platform-commons\1.10.2\junit-platform-commons-1.10.2.jar;C:\Users\DELL\.m2\repository\org\junit\platform\junit-platform-engine\1.10.2\junit-platform-engine-1.10.2.jar;C:\Users\DELL\.m2\repository\org\opentest4j\opentest4j\1.3.0\opentest4j-1.3.0.jar;C:\Users\DELL\.m2\repository\org\apiguardian\apiguardian-api\1.1.2\apiguardian-api-1.1.2.jar;C:\Users\DELL\.m2\repository\org\assertj\assertj-core\3.26.0\assertj-core-3.26.0.jar;C:\Users\DELL\.m2\repository\org\mockito\mockito-core\5.12.0\mockito-core-5.12.0.jar;C:\Users\DELL\.m2\repository\net\bytebuddy\byte-buddy\1.14.15\byte-buddy-1.14.15.jar;C:\Users\DELL\.m2\repository\net\bytebuddy\byte-buddy-agent\1.14.15\byte-buddy-agent-1.14.15.jar;C:\Users\DELL\.m2\repository\org\objenesis\objenesis\3.3\objenesis-3.3.jar;C:\Users\DELL\.m2\repository\org\slf4j\slf4j-api\2.0.13\slf4j-api-2.0.13.jar;C:\Users\DELL\.m2\repository\ch\qos\logback\logback-classic\1.5.6\logback-classic-1.5.6.jar;C:\Users\DELL\.m2\repository\ch\qos\logback\logback-core\1.5.6\logback-core-1.5.6.jar;C:\Users\DELL\.m2\repository\com\zaxxer\HikariCP\5.1.0\HikariCP-5.1.0.jar;C:\Users\DELL\.m2\repository\org\mariadb\jdbc\mariadb-java-client\3.3.3\mariadb-java-client-3.3.3.jar;C:\Users\DELL\.m2\repository\org\flywaydb\flyway-core\10.12.0\flyway-core-10.12.0.jar;C:\Users\DELL\.m2\repository\org\apache\commons\commons-csv\1.11.0\commons-csv-1.11.0.jar;C:\Users\DELL\.m2\repository\org\apache\pdfbox\pdfbox\2.0.32\pdfbox-2.0.32.jar;C:\Users\DELL\.m2\repository\org\apache\pdfbox\fontbox\2.0.32\fontbox-2.0.32.jar;C:\Users\DELL\.m2\repository\commons-logging\commons-logging\1.2\commons-logging-1.2.jar;C:\Users\DELL\.m2\repository\com\formdev\flatlaf\3.5\flatlaf-3.5.jar" main.java.utils.ManualTestRunner
Running tests in PasswordUtilTest
  - testVerifyPasswordInvalid: PASSED
  - testHashPassword: PASSED
Running tests in PasswordPolicyTest
  - testValidPassword: PASSED
  - testNoDigit: PASSED
  - testTooShort: PASSED
  - testNoUppercase: PASSED
  - testNoLowercase: PASSED
  - testNoSpecialChar: PASSED
Running tests in AdminServiceTest
  - testEnsureAdminFailure: PASSED
  - testCreateUserAsNonAdmin: PASSED
  - testEnsureAdminSuccess: PASSED
  - testCreateUserAsAdmin: WARNING: A Java agent has been loaded dynamically (C:\Users\DELL\.m2\repository\net\bytebuddy\byte-buddy-agent\1.14.15\byte-buddy-agent-1.14.15.jar)
WARNING: If a serviceability tool is in use, please run with -XX:+EnableDynamicAgentLoading to hide this warning
WARNING: If a serviceability tool is not in use, please run with -Djdk.instrument.traceUsage for more information
WARNING: Dynamic loading of agents will be disallowed by default in a future release
2026-02-01 14:45:41 INFO  [main] main.java.config.ConfigLoader - Configured application settings from classpath:/application.properties
PASSED
Running tests in EnrollmentServiceTest
  - testDropSection_Success: 2026-02-01 14:45:41 INFO  [main] AUDIT - [ENROLLMENT_CHANGE] stu1 - Dropped stu1 from Intro
PASSED
  - testRegisterSection_DeadlinePassed: PASSED
  - testRegisterSection_Success: 2026-02-01 14:45:41 INFO  [main] AUDIT - [ENROLLMENT_CHANGE] stu1 - Registered stu1 in Intro (ENROLLED)
PASSED
Running tests in GradebookServiceTest
  - testRecordScore_SecurityException_WrongInstructor: PASSED
  - testComputeFinal_Success: 2026-02-01 14:45:41 INFO  [main] AUDIT - [GRADE_EDIT] prof1 - Computed final grade 90.00 for stu1 in SEC1
PASSED
  - testRecordScore_Success: 2026-02-01 14:45:41 INFO  [main] AUDIT - [GRADE_EDIT] prof1 - Recorded Midterm=85.00 for stu1 in SEC1
PASSED
Running tests in StudentServiceTest
  - testGetSchedule_Success: PASSED
  - testGetProfile_Success: PASSED
  - testGetProfile_SecurityException: PASSED
Running tests in FacultyServiceTest
  - testGetOfficeHours: 2026-02-01 14:45:41 INFO  [main] com.zaxxer.hikari.HikariDataSource - ERP-AUTH-POOL - Starting...
2026-02-01 14:45:41 INFO  [main] com.zaxxer.hikari.HikariDataSource - ERP-AUTH-POOL - Start completed.
2026-02-01 14:45:41 INFO  [main] main.java.config.DataSourceRegistry - Initialised auth datasource (maxPoolSize=5)
2026-02-01 14:45:41 INFO  [main] com.zaxxer.hikari.HikariDataSource - ERP-ERP-POOL - Starting...
2026-02-01 14:45:41 INFO  [main] com.zaxxer.hikari.HikariDataSource - ERP-ERP-POOL - Start completed.
2026-02-01 14:45:41 INFO  [main] main.java.config.DataSourceRegistry - Initialised erp datasource (maxPoolSize=10)
PASSED

Test Results:
Total:  22
Passed: 22
Failed: 0
